
> rpp@0.1.0 start
> next start

▲ Next.js 16.1.6
- Local:         http://localhost:3000
- Network:       http://192.168.0.2:3000

✓ Starting...
✓ Ready in 720ms
[2m2026-03-25T18:56:34.572Z[0m [33mWARN[0m [1m[Better Auth]:[0m [better-auth] Warning: your BETTER_AUTH_SECRET should be at least 32 characters long for adequate security. Generate one with `npx auth secret` or `openssl rand -base64 32`.
[2m2026-03-25T18:56:34.573Z[0m [33mWARN[0m [1m[Better Auth]:[0m [better-auth] Warning: your BETTER_AUTH_SECRET appears low-entropy. Use a randomly generated secret for production.
[2m2026-03-25T18:56:56.916Z[0m [33mWARN[0m [1m[Better Auth]:[0m [better-auth] Warning: your BETTER_AUTH_SECRET should be at least 32 characters long for adequate security. Generate one with `npx auth secret` or `openssl rand -base64 32`.
[2m2026-03-25T18:56:56.916Z[0m [33mWARN[0m [1m[Better Auth]:[0m [better-auth] Warning: your BETTER_AUTH_SECRET appears low-entropy. Use a randomly generated secret for production.
Error fetching pain point stats: Error: Failed query: select count(*) from "pain_point" where "pain_point"."createdAt" >= $1
params: 2026-03-18T18:56:59.204Z
    at eB.queryWithCache (.next/server/chunks/_a06cb741._.js:28:40605)
    at async (.next/server/chunks/_a06cb741._.js:28:43267)
    at async C (.next/server/chunks/[root-of-the-server]__59d9106d._.js:1:7033)
    at async p (.next/server/chunks/[root-of-the-server]__59d9106d._.js:1:10354)
    at async l (.next/server/chunks/[root-of-the-server]__59d9106d._.js:1:11395)
    at async Module.j (.next/server/chunks/[root-of-the-server]__59d9106d._.js:1:12473) {
  query: 'select count(*) from "pain_point" where "pain_point"."createdAt" >= $1',
  params: [Array],
  [cause]: AggregateError:
      at ignore-listed frames {
    code: 'ECONNREFUSED'
  }
}
